{"0":{},"2":{"id":".","exports":{},"parent":null,"filename":"/usr/local/lib/node_modules/nagios2mqtt/index.js","loaded":false,"children":[],"paths":["/usr/local/lib/node_modules/nagios2mqtt/node_modules","/usr/local/lib/node_modules","/usr/local/node_modules","/usr/node_modules","/node_modules"]},"3":"/usr/local/lib/node_modules/nagios2mqtt/index.js","4":"/usr/local/lib/node_modules/nagios2mqtt"}

{"0":{},"2":{"id":".","exports":{},"parent":null,"filename":"/usr/local/lib/node_modules/nagios2mqtt/index.js","loaded":false,"children":[],"paths":["/usr/local/lib/node_modules/nagios2mqtt/node_modules","/usr/local/lib/node_modules","/usr/local/node_modules","/usr/node_modules","/node_modules"]},"3":"/usr/local/lib/node_modules/nagios2mqtt/index.js","4":"/usr/local/lib/node_modules/nagios2mqtt"}

